###############################################################################
#
# IAR ELF Linker V8.40.1.212/W32 for ARM                  28/Jun/2021  23:22:33
# Copyright 2007-2019 IAR Systems AB.
#
#    Output file  =  D:\STM32F103C8Tx\uart\EWARM\uart\Exe\uart.out
#    Map file     =  D:\STM32F103C8Tx\uart\EWARM\uart\List\uart.map
#    Command line =
#        -f C:\Users\hp\AppData\Local\Temp\EW5C32.tmp
#        (D:\STM32F103C8Tx\uart\EWARM\uart\Obj\main.o
#        D:\STM32F103C8Tx\uart\EWARM\uart\Obj\startup_stm32f103xb.o
#        D:\STM32F103C8Tx\uart\EWARM\uart\Obj\stm32f1xx_hal.o
#        D:\STM32F103C8Tx\uart\EWARM\uart\Obj\stm32f1xx_hal_cortex.o
#        D:\STM32F103C8Tx\uart\EWARM\uart\Obj\stm32f1xx_hal_dma.o
#        D:\STM32F103C8Tx\uart\EWARM\uart\Obj\stm32f1xx_hal_exti.o
#        D:\STM32F103C8Tx\uart\EWARM\uart\Obj\stm32f1xx_hal_flash.o
#        D:\STM32F103C8Tx\uart\EWARM\uart\Obj\stm32f1xx_hal_flash_ex.o
#        D:\STM32F103C8Tx\uart\EWARM\uart\Obj\stm32f1xx_hal_gpio.o
#        D:\STM32F103C8Tx\uart\EWARM\uart\Obj\stm32f1xx_hal_gpio_ex.o
#        D:\STM32F103C8Tx\uart\EWARM\uart\Obj\stm32f1xx_hal_msp.o
#        D:\STM32F103C8Tx\uart\EWARM\uart\Obj\stm32f1xx_hal_pwr.o
#        D:\STM32F103C8Tx\uart\EWARM\uart\Obj\stm32f1xx_hal_rcc.o
#        D:\STM32F103C8Tx\uart\EWARM\uart\Obj\stm32f1xx_hal_rcc_ex.o
#        D:\STM32F103C8Tx\uart\EWARM\uart\Obj\stm32f1xx_hal_tim.o
#        D:\STM32F103C8Tx\uart\EWARM\uart\Obj\stm32f1xx_hal_tim_ex.o
#        D:\STM32F103C8Tx\uart\EWARM\uart\Obj\stm32f1xx_hal_uart.o
#        D:\STM32F103C8Tx\uart\EWARM\uart\Obj\stm32f1xx_it.o
#        D:\STM32F103C8Tx\uart\EWARM\uart\Obj\system_stm32f1xx.o
#        --no_out_extension -o D:\STM32F103C8Tx\uart\EWARM\uart\Exe\uart.out
#        --redirect _Printf=_PrintfFullNoMb --redirect _Scanf=_ScanfFullNoMb
#        --map D:\STM32F103C8Tx\uart\EWARM\uart\List\uart.map --config
#        D:\STM32F103C8Tx\uart\EWARM/stm32f103xb_flash.icf --semihosting
#        --entry __iar_program_start --vfe --text_out locale)
#
###############################################################################

*******************************************************************************
*** RUNTIME MODEL ATTRIBUTES
***

CppFlavor       = *
__SystemLibrary = DLib
__dlib_version  = 6


*******************************************************************************
*** HEAP SELECTION
***

The basic heap was selected because no calls to memory allocation
functions were found in the application outside of system library
functions, and there are calls to deallocation functions in the
application.


*******************************************************************************
*** PLACEMENT SUMMARY
***

"A0":  place at address 0x800'0000 { ro section .intvec };
"P1":  place in [from 0x800'0000 to 0x801'ffff] { ro };
define block CSTACK with size = 1K, alignment = 8 { };
define block HEAP with size = 512, alignment = 8 { };
"P2":  place in [from 0x2000'0000 to 0x2000'4fff] {
          rw, block CSTACK, block HEAP };
initialize by copy { rw };

  Section            Kind         Address   Size  Object
  -------            ----         -------   ----  ------
"A0":                                       0xec
  .intvec            ro code   0x800'0000   0xec  startup_stm32f103xb.o [1]
                             - 0x800'00ec   0xec

"P1":                                      0xdc9
  .text              ro code   0x800'00ec  0x4be  stm32f1xx_hal_rcc.o [1]
  .text              ro code   0x800'05ac    0xc  stm32f1xx_hal.o [1]
  .text              ro code   0x800'05b8   0x40  stm32f1xx_hal.o [1]
  .text              ro code   0x800'05f8   0xac  stm32f1xx_hal_cortex.o [1]
  .text              ro code   0x800'06a4  0x208  stm32f1xx_hal_uart.o [1]
  .text              ro code   0x800'08ac   0xb8  stm32f1xx_hal_msp.o [1]
  .text              ro code   0x800'0964   0x14  memset.o [3]
  .text              ro code   0x800'0978  0x1b4  stm32f1xx_hal_gpio.o [1]
  .text              ro code   0x800'0b2c   0x66  ABImemset.o [3]
  .text              ro code   0x800'0b94   0xf0  main.o [1]
  .text              ro code   0x800'0c84   0x24  stm32f1xx_hal.o [1]
  .text              ro code   0x800'0ca8   0x18  ABImemcpy_small.o [3]
  .text              ro code   0x800'0cc0   0x28  stm32f1xx_hal.o [1]
  .text              ro code   0x800'0ce8   0x38  packbits_init_single.o [3]
  .text              ro code   0x800'0d20   0x28  data_init.o [3]
  .iar.init_table    const     0x800'0d48   0x10  - Linker created -
  .text              ro code   0x800'0d58   0x1e  cmain.o [3]
  .text              ro code   0x800'0d76    0x4  low_level_init.o [2]
  .text              ro code   0x800'0d7a    0x4  exit.o [2]
  .text              ro code   0x800'0d80    0xa  cexit.o [3]
  .text              ro code   0x800'0d8c   0x14  exit.o [4]
  .text              ro code   0x800'0da0   0x14  stm32f1xx_it.o [1]
  .text              ro code   0x800'0db4   0x10  stm32f1xx_hal.o [1]
  .text              ro code   0x800'0dc4   0x14  system_stm32f1xx.o [1]
  .text              ro code   0x800'0dd8   0x10  startup_stm32f103xb.o [1]
  .text              ro code   0x800'0de8    0xc  cstartup_M.o [3]
  .rodata            const     0x800'0df4    0x8  system_stm32f1xx.o [1]
  .text              ro code   0x800'0dfc    0x4  startup_stm32f103xb.o [1]
  .text              ro code   0x800'0e00    0x4  startup_stm32f103xb.o [1]
  .text              ro code   0x800'0e04    0x4  startup_stm32f103xb.o [1]
  .text              ro code   0x800'0e08    0x4  startup_stm32f103xb.o [1]
  .text              ro code   0x800'0e0c    0x4  startup_stm32f103xb.o [1]
  .text              ro code   0x800'0e10    0x4  startup_stm32f103xb.o [1]
  .text              ro code   0x800'0e14    0x4  startup_stm32f103xb.o [1]
  .text              ro code   0x800'0e18    0x4  startup_stm32f103xb.o [1]
  .text              ro code   0x800'0e1c    0x4  startup_stm32f103xb.o [1]
  .text              ro code   0x800'0e20    0x4  startup_stm32f103xb.o [1]
  .text              ro code   0x800'0e24    0x4  startup_stm32f103xb.o [1]
  .text              ro code   0x800'0e28    0x4  startup_stm32f103xb.o [1]
  .text              ro code   0x800'0e2c    0x4  startup_stm32f103xb.o [1]
  .text              ro code   0x800'0e30    0x4  startup_stm32f103xb.o [1]
  .text              ro code   0x800'0e34    0x4  startup_stm32f103xb.o [1]
  .text              ro code   0x800'0e38    0x4  startup_stm32f103xb.o [1]
  .text              ro code   0x800'0e3c    0x4  startup_stm32f103xb.o [1]
  .text              ro code   0x800'0e40    0x4  startup_stm32f103xb.o [1]
  .text              ro code   0x800'0e44    0x4  startup_stm32f103xb.o [1]
  .text              ro code   0x800'0e48    0x4  startup_stm32f103xb.o [1]
  .text              ro code   0x800'0e4c    0x4  startup_stm32f103xb.o [1]
  .text              ro code   0x800'0e50    0x4  startup_stm32f103xb.o [1]
  .text              ro code   0x800'0e54    0x4  startup_stm32f103xb.o [1]
  .text              ro code   0x800'0e58    0x4  startup_stm32f103xb.o [1]
  .text              ro code   0x800'0e5c    0x4  startup_stm32f103xb.o [1]
  .text              ro code   0x800'0e60    0x4  startup_stm32f103xb.o [1]
  .text              ro code   0x800'0e64    0x4  startup_stm32f103xb.o [1]
  .text              ro code   0x800'0e68    0x4  startup_stm32f103xb.o [1]
  .text              ro code   0x800'0e6c    0x4  startup_stm32f103xb.o [1]
  .text              ro code   0x800'0e70    0x4  startup_stm32f103xb.o [1]
  .text              ro code   0x800'0e74    0x4  startup_stm32f103xb.o [1]
  .text              ro code   0x800'0e78    0x4  startup_stm32f103xb.o [1]
  .text              ro code   0x800'0e7c    0x4  startup_stm32f103xb.o [1]
  .text              ro code   0x800'0e80    0x4  startup_stm32f103xb.o [1]
  .text              ro code   0x800'0e84    0x4  startup_stm32f103xb.o [1]
  .text              ro code   0x800'0e88    0x4  startup_stm32f103xb.o [1]
  .text              ro code   0x800'0e8c    0x4  startup_stm32f103xb.o [1]
  .text              ro code   0x800'0e90    0x4  startup_stm32f103xb.o [1]
  .text              ro code   0x800'0e94    0x4  startup_stm32f103xb.o [1]
  .text              ro code   0x800'0e98    0x4  startup_stm32f103xb.o [1]
  .text              ro code   0x800'0e9c    0x4  startup_stm32f103xb.o [1]
  .text              ro code   0x800'0ea0    0x4  startup_stm32f103xb.o [1]
  .text              ro code   0x800'0ea4    0x4  startup_stm32f103xb.o [1]
  .rodata            const     0x800'0ea8    0x0  packbits_init_single.o [3]
  Initializer bytes  const     0x800'0ea8    0xd  <for P2-1>
                             - 0x800'0eb5  0xdc9

"P2", part 1 of 2:                          0x54
  P2-1                        0x2000'0000   0x54  <Init block>
    .data            inited   0x2000'0000    0xc  stm32f1xx_hal.o [1]
    .data            inited   0x2000'000c    0x4  system_stm32f1xx.o [1]
    .bss             inited   0x2000'0010   0x44  main.o [1]
                            - 0x2000'0054   0x54

"P2", part 2 of 2:                         0x400
  CSTACK                      0x2000'0058  0x400  <Block>
    CSTACK           uninit   0x2000'0058  0x400  <Block tail>
                            - 0x2000'0458  0x400

Unused ranges:

         From           To      Size
         ----           --      ----
   0x800'0eb5   0x801'ffff  0x1'f14b
  0x2000'0054  0x2000'0057       0x4
  0x2000'0458  0x2000'4fff    0x4ba8


*******************************************************************************
*** INIT TABLE
***

          Address      Size
          -------      ----
Copy/packbits (__iar_packbits_init_single3)
    1 source range, total size 0xd (15% of destination):
           0x800'0ea8   0xd
    1 destination range, total size 0x54:
          0x2000'0000  0x54



*******************************************************************************
*** MODULE SUMMARY
***

    Module                  ro code  ro data  rw data
    ------                  -------  -------  -------
command line/config:
    -------------------------------------------------
    Total:

D:\STM32F103C8Tx\uart\EWARM\uart\Obj: [1]
    main.o                      240       11       68
    startup_stm32f103xb.o       424
    stm32f1xx_hal.o             168        1       12
    stm32f1xx_hal_cortex.o      172
    stm32f1xx_hal_gpio.o        436
    stm32f1xx_hal_msp.o         184
    stm32f1xx_hal_rcc.o       1'214
    stm32f1xx_hal_uart.o        520
    stm32f1xx_it.o               20
    system_stm32f1xx.o           20        9        4
    -------------------------------------------------
    Total:                    3'398       21       84

dl7M_tln.a: [2]
    exit.o                        4
    low_level_init.o              4
    -------------------------------------------------
    Total:                        8

rt7M_tl.a: [3]
    ABImemcpy_small.o            24
    ABImemset.o                 102
    cexit.o                      10
    cmain.o                      30
    cstartup_M.o                 12
    data_init.o                  40
    memset.o                     20
    packbits_init_single.o       56
    -------------------------------------------------
    Total:                      294

shb_l.a: [4]
    exit.o                       20
    -------------------------------------------------
    Total:                       20

    Gaps                          8
    Linker created                        16    1'024
-----------------------------------------------------
    Grand Total:              3'728       37    1'108


*******************************************************************************
*** ENTRY LIST
***

Entry                       Address   Size  Type      Object
-----                       -------   ----  ----      ------
.iar.init_table$$Base    0x800'0d48          --   Gb  - Linker created -
.iar.init_table$$Limit   0x800'0d58          --   Gb  - Linker created -
?main                    0x800'0d59         Code  Gb  cmain.o [3]
AHBPrescTable            0x800'0dc8   0x10  Data  Gb  system_stm32f1xx.o [1]
APBPrescTable            0x800'0df4    0x8  Data  Gb  system_stm32f1xx.o [1]
BusFault_Handler         0x800'0da7    0x2  Code  Gb  stm32f1xx_it.o [1]
CSTACK$$Base            0x2000'0058          --   Gb  - Linker created -
CSTACK$$Limit           0x2000'0458          --   Gb  - Linker created -
DebugMon_Handler         0x800'0dad    0x2  Code  Gb  stm32f1xx_it.o [1]
Error_Handler            0x800'0c71    0x4  Code  Gb  main.o [1]
HAL_Delay                0x800'0cc1   0x28  Code  Wk  stm32f1xx_hal.o [1]
HAL_GPIO_Init            0x800'0979  0x180  Code  Gb  stm32f1xx_hal_gpio.o [1]
HAL_GetTick              0x800'05ad    0xc  Code  Wk  stm32f1xx_hal.o [1]
HAL_IncTick              0x800'0db5   0x10  Code  Wk  stm32f1xx_hal.o [1]
HAL_Init                 0x800'0c85   0x20  Code  Gb  stm32f1xx_hal.o [1]
HAL_InitTick             0x800'05b9   0x40  Code  Wk  stm32f1xx_hal.o [1]
HAL_MspInit              0x800'08ad   0x3a  Code  Gb  stm32f1xx_hal_msp.o [1]
HAL_NVIC_SetPriority     0x800'062d   0x3a  Code  Gb  stm32f1xx_hal_cortex.o [1]
HAL_NVIC_SetPriorityGrouping
                         0x800'0613   0x1a  Code  Gb  stm32f1xx_hal_cortex.o [1]
HAL_RCC_ClockConfig      0x800'0401   0xf4  Code  Gb  stm32f1xx_hal_rcc.o [1]
HAL_RCC_GetPCLK1Freq     0x800'0543   0x10  Code  Gb  stm32f1xx_hal_rcc.o [1]
HAL_RCC_GetPCLK2Freq     0x800'0553    0xe  Code  Gb  stm32f1xx_hal_rcc.o [1]
HAL_RCC_GetSysClockFreq
                         0x800'0509   0x3a  Code  Gb  stm32f1xx_hal_rcc.o [1]
HAL_RCC_GetSysClockFreq::aPLLMULFactorTable
                         0x800'0598   0x10  Data  Lc  stm32f1xx_hal_rcc.o [1]
HAL_RCC_GetSysClockFreq::aPredivFactorTable
                         0x800'05a8    0x2  Data  Lc  stm32f1xx_hal_rcc.o [1]
HAL_RCC_OscConfig        0x800'00ed  0x30c  Code  Gb  stm32f1xx_hal_rcc.o [1]
HAL_SYSTICK_Config       0x800'0667   0x28  Code  Gb  stm32f1xx_hal_cortex.o [1]
HAL_UART_Init            0x800'06a5   0x1e  Code  Gb  stm32f1xx_hal_uart.o [1]
HAL_UART_MspInit         0x800'08e7   0x6e  Code  Gb  stm32f1xx_hal_msp.o [1]
HAL_UART_Transmit        0x800'071b   0xb0  Code  Gb  stm32f1xx_hal_uart.o [1]
HardFault_Handler        0x800'0da3    0x2  Code  Gb  stm32f1xx_it.o [1]
MemManage_Handler        0x800'0da5    0x2  Code  Gb  stm32f1xx_it.o [1]
NMI_Handler              0x800'0da1    0x2  Code  Gb  stm32f1xx_it.o [1]
PendSV_Handler           0x800'0daf    0x2  Code  Gb  stm32f1xx_it.o [1]
Region$$Table$$Base      0x800'0d48          --   Gb  - Linker created -
Region$$Table$$Limit     0x800'0d58          --   Gb  - Linker created -
SVC_Handler              0x800'0dab    0x2  Code  Gb  stm32f1xx_it.o [1]
SysTick_Handler          0x800'0db1    0x4  Code  Gb  stm32f1xx_it.o [1]
SystemClock_Config       0x800'0c1d   0x54  Code  Gb  main.o [1]
SystemCoreClock         0x2000'000c    0x4  Data  Gb  system_stm32f1xx.o [1]
SystemInit               0x800'0dc5    0x2  Code  Gb  system_stm32f1xx.o [1]
UART_SetConfig           0x800'082f   0x74  Code  Lc  stm32f1xx_hal_uart.o [1]
UART_WaitOnFlagUntilTimeout
                         0x800'07cb   0x56  Code  Lc  stm32f1xx_hal_uart.o [1]
UsageFault_Handler       0x800'0da9    0x2  Code  Gb  stm32f1xx_it.o [1]
__NVIC_SetPriority       0x800'05f9   0x1a  Code  Lc  stm32f1xx_hal_cortex.o [1]
__aeabi_memset           0x800'0b2d         Code  Gb  ABImemset.o [3]
__cmain                  0x800'0d59         Code  Gb  cmain.o [3]
__exit                   0x800'0d8d   0x14  Code  Gb  exit.o [4]
__iar_Memset             0x800'0b2d         Code  Gb  ABImemset.o [3]
__iar_Memset_word        0x800'0b35         Code  Gb  ABImemset.o [3]
__iar_data_init3         0x800'0d21   0x28  Code  Gb  data_init.o [3]
__iar_packbits_init_single3
                         0x800'0ce9   0x38  Code  Gb  packbits_init_single.o [3]
__iar_program_start      0x800'0de9         Code  Gb  cstartup_M.o [3]
__iar_small_Memcpy       0x800'0cad         Code  Gb  ABImemcpy_small.o [3]
__iar_small_memcpy       0x800'0ca9         Code  Gb  ABImemcpy_small.o [3]
__iar_small_memcpy4      0x800'0ca9         Code  Gb  ABImemcpy_small.o [3]
__iar_small_memcpy8      0x800'0ca9         Code  Gb  ABImemcpy_small.o [3]
__low_level_init         0x800'0d77    0x4  Code  Gb  low_level_init.o [2]
__vector_table           0x800'0000         Data  Gb  startup_stm32f103xb.o [1]
_call_main               0x800'0d65         Code  Gb  cmain.o [3]
_exit                    0x800'0d81         Code  Gb  cexit.o [3]
_main                    0x800'0d73         Code  Gb  cmain.o [3]
exit                     0x800'0d7b    0x4  Code  Gb  exit.o [2]
huart1                  0x2000'0010   0x44  Data  Gb  main.o [1]
main                     0x800'0b95   0x7c  Code  Gb  main.o [1]
memset                   0x800'0965   0x14  Code  Gb  memset.o [3]
uwTick                  0x2000'0004    0x4  Data  Gb  stm32f1xx_hal.o [1]
uwTickFreq              0x2000'0000    0x1  Data  Gb  stm32f1xx_hal.o [1]
uwTickPrio              0x2000'0008    0x4  Data  Gb  stm32f1xx_hal.o [1]


[1] = D:\STM32F103C8Tx\uart\EWARM\uart\Obj
[2] = dl7M_tln.a
[3] = rt7M_tl.a
[4] = shb_l.a

  3'728 bytes of readonly  code memory
     37 bytes of readonly  data memory
  1'108 bytes of readwrite data memory

Errors: none
Warnings: none
