###############################################################################
#
# IAR ELF Linker V8.40.1.212/W32 for ARM                  30/Jun/2021  22:01:14
# Copyright 2007-2019 IAR Systems AB.
#
#    Output file  =  D:\STM32F103C8Tx\ngat\EWARM\ngat\Exe\ngat.out
#    Map file     =  D:\STM32F103C8Tx\ngat\EWARM\ngat\List\ngat.map
#    Command line =
#        -f C:\Users\hp\AppData\Local\Temp\EWFB53.tmp
#        (D:\STM32F103C8Tx\ngat\EWARM\ngat\Obj\main.o
#        D:\STM32F103C8Tx\ngat\EWARM\ngat\Obj\startup_stm32f103xb.o
#        D:\STM32F103C8Tx\ngat\EWARM\ngat\Obj\stm32f1xx_hal.o
#        D:\STM32F103C8Tx\ngat\EWARM\ngat\Obj\stm32f1xx_hal_cortex.o
#        D:\STM32F103C8Tx\ngat\EWARM\ngat\Obj\stm32f1xx_hal_dma.o
#        D:\STM32F103C8Tx\ngat\EWARM\ngat\Obj\stm32f1xx_hal_exti.o
#        D:\STM32F103C8Tx\ngat\EWARM\ngat\Obj\stm32f1xx_hal_flash.o
#        D:\STM32F103C8Tx\ngat\EWARM\ngat\Obj\stm32f1xx_hal_flash_ex.o
#        D:\STM32F103C8Tx\ngat\EWARM\ngat\Obj\stm32f1xx_hal_gpio.o
#        D:\STM32F103C8Tx\ngat\EWARM\ngat\Obj\stm32f1xx_hal_gpio_ex.o
#        D:\STM32F103C8Tx\ngat\EWARM\ngat\Obj\stm32f1xx_hal_msp.o
#        D:\STM32F103C8Tx\ngat\EWARM\ngat\Obj\stm32f1xx_hal_pwr.o
#        D:\STM32F103C8Tx\ngat\EWARM\ngat\Obj\stm32f1xx_hal_rcc.o
#        D:\STM32F103C8Tx\ngat\EWARM\ngat\Obj\stm32f1xx_hal_rcc_ex.o
#        D:\STM32F103C8Tx\ngat\EWARM\ngat\Obj\stm32f1xx_hal_tim.o
#        D:\STM32F103C8Tx\ngat\EWARM\ngat\Obj\stm32f1xx_hal_tim_ex.o
#        D:\STM32F103C8Tx\ngat\EWARM\ngat\Obj\stm32f1xx_it.o
#        D:\STM32F103C8Tx\ngat\EWARM\ngat\Obj\system_stm32f1xx.o
#        --no_out_extension -o D:\STM32F103C8Tx\ngat\EWARM\ngat\Exe\ngat.out
#        --redirect _Printf=_PrintfFullNoMb --redirect _Scanf=_ScanfFullNoMb
#        --map D:\STM32F103C8Tx\ngat\EWARM\ngat\List\ngat.map --config
#        D:\STM32F103C8Tx\ngat\EWARM/stm32f103xb_flash.icf --semihosting
#        --entry __iar_program_start --vfe --text_out locale)
#
###############################################################################

*******************************************************************************
*** RUNTIME MODEL ATTRIBUTES
***

CppFlavor       = *
__SystemLibrary = DLib
__dlib_version  = 6


*******************************************************************************
*** HEAP SELECTION
***

The basic heap was selected because no calls to memory allocation
functions were found in the application outside of system library
functions, and there are calls to deallocation functions in the
application.


*******************************************************************************
*** PLACEMENT SUMMARY
***

"A0":  place at address 0x800'0000 { ro section .intvec };
"P1":  place in [from 0x800'0000 to 0x801'ffff] { ro };
define block CSTACK with size = 1K, alignment = 8 { };
define block HEAP with size = 512, alignment = 8 { };
"P2":  place in [from 0x2000'0000 to 0x2000'4fff] {
          rw, block CSTACK, block HEAP };
initialize by copy { rw };

  Section            Kind         Address   Size  Object
  -------            ----         -------   ----  ------
"A0":                                       0xec
  .intvec            ro code   0x800'0000   0xec  startup_stm32f103xb.o [1]
                             - 0x800'00ec   0xec

"P1":                                      0xb54
  .text              ro code   0x800'00ec  0x496  stm32f1xx_hal_rcc.o [1]
  .text              ro code   0x800'0582   0x2e  copy_init3.o [3]
  .text              ro code   0x800'05b0    0xc  stm32f1xx_hal.o [1]
  .text              ro code   0x800'05bc   0x40  stm32f1xx_hal.o [1]
  .text              ro code   0x800'05fc   0xc4  stm32f1xx_hal_cortex.o [1]
  .text              ro code   0x800'06c0  0x1d2  stm32f1xx_hal_gpio.o [1]
  .text              ro code   0x800'0894  0x110  main.o [1]
  .text              ro code   0x800'09a4   0x24  stm32f1xx_hal.o [1]
  .text              ro code   0x800'09c8   0x14  memset.o [3]
  .text              ro code   0x800'09dc   0x44  stm32f1xx_hal_msp.o [1]
  .text              ro code   0x800'0a20   0x66  ABImemset.o [3]
  .text              ro code   0x800'0a88   0x40  stm32f1xx_it.o [1]
  .text              ro code   0x800'0ac8   0x10  stm32f1xx_hal.o [1]
  .text              ro code   0x800'0ad8   0x28  data_init.o [3]
  .iar.init_table    const     0x800'0b00   0x14  - Linker created -
  .text              ro code   0x800'0b14   0x1e  cmain.o [3]
  .text              ro code   0x800'0b32    0x4  low_level_init.o [2]
  .text              ro code   0x800'0b36    0x4  exit.o [2]
  .text              ro code   0x800'0b3c    0xa  cexit.o [3]
  .text              ro code   0x800'0b48   0x14  exit.o [4]
  .text              ro code   0x800'0b5c   0x14  system_stm32f1xx.o [1]
  .text              ro code   0x800'0b70   0x10  startup_stm32f103xb.o [1]
  Initializer bytes  const     0x800'0b80   0x10  <for P2-1>
  .text              ro code   0x800'0b90    0xc  cstartup_M.o [3]
  .text              ro code   0x800'0b9c    0x4  startup_stm32f103xb.o [1]
  .text              ro code   0x800'0ba0    0x4  startup_stm32f103xb.o [1]
  .text              ro code   0x800'0ba4    0x4  startup_stm32f103xb.o [1]
  .text              ro code   0x800'0ba8    0x4  startup_stm32f103xb.o [1]
  .text              ro code   0x800'0bac    0x4  startup_stm32f103xb.o [1]
  .text              ro code   0x800'0bb0    0x4  startup_stm32f103xb.o [1]
  .text              ro code   0x800'0bb4    0x4  startup_stm32f103xb.o [1]
  .text              ro code   0x800'0bb8    0x4  startup_stm32f103xb.o [1]
  .text              ro code   0x800'0bbc    0x4  startup_stm32f103xb.o [1]
  .text              ro code   0x800'0bc0    0x4  startup_stm32f103xb.o [1]
  .text              ro code   0x800'0bc4    0x4  startup_stm32f103xb.o [1]
  .text              ro code   0x800'0bc8    0x4  startup_stm32f103xb.o [1]
  .text              ro code   0x800'0bcc    0x4  startup_stm32f103xb.o [1]
  .text              ro code   0x800'0bd0    0x4  startup_stm32f103xb.o [1]
  .text              ro code   0x800'0bd4    0x4  startup_stm32f103xb.o [1]
  .text              ro code   0x800'0bd8    0x4  startup_stm32f103xb.o [1]
  .text              ro code   0x800'0bdc    0x4  startup_stm32f103xb.o [1]
  .text              ro code   0x800'0be0    0x4  startup_stm32f103xb.o [1]
  .text              ro code   0x800'0be4    0x4  startup_stm32f103xb.o [1]
  .text              ro code   0x800'0be8    0x4  startup_stm32f103xb.o [1]
  .text              ro code   0x800'0bec    0x4  startup_stm32f103xb.o [1]
  .text              ro code   0x800'0bf0    0x4  startup_stm32f103xb.o [1]
  .text              ro code   0x800'0bf4    0x4  startup_stm32f103xb.o [1]
  .text              ro code   0x800'0bf8    0x4  startup_stm32f103xb.o [1]
  .text              ro code   0x800'0bfc    0x4  startup_stm32f103xb.o [1]
  .text              ro code   0x800'0c00    0x4  startup_stm32f103xb.o [1]
  .text              ro code   0x800'0c04    0x4  startup_stm32f103xb.o [1]
  .text              ro code   0x800'0c08    0x4  startup_stm32f103xb.o [1]
  .text              ro code   0x800'0c0c    0x4  startup_stm32f103xb.o [1]
  .text              ro code   0x800'0c10    0x4  startup_stm32f103xb.o [1]
  .text              ro code   0x800'0c14    0x4  startup_stm32f103xb.o [1]
  .text              ro code   0x800'0c18    0x4  startup_stm32f103xb.o [1]
  .text              ro code   0x800'0c1c    0x4  startup_stm32f103xb.o [1]
  .text              ro code   0x800'0c20    0x4  startup_stm32f103xb.o [1]
  .text              ro code   0x800'0c24    0x4  startup_stm32f103xb.o [1]
  .text              ro code   0x800'0c28    0x4  startup_stm32f103xb.o [1]
  .text              ro code   0x800'0c2c    0x4  startup_stm32f103xb.o [1]
  .text              ro code   0x800'0c30    0x4  startup_stm32f103xb.o [1]
  .text              ro code   0x800'0c34    0x4  startup_stm32f103xb.o [1]
  .text              ro code   0x800'0c38    0x4  startup_stm32f103xb.o [1]
  .text              ro code   0x800'0c3c    0x4  startup_stm32f103xb.o [1]
  .rodata            const     0x800'0c40    0x0  copy_init3.o [3]
                             - 0x800'0c40  0xb54

"P2", part 1 of 2:                          0x10
  P2-1                        0x2000'0000   0x10  <Init block>
    .data            inited   0x2000'0000    0xc  stm32f1xx_hal.o [1]
    .data            inited   0x2000'000c    0x4  system_stm32f1xx.o [1]
                            - 0x2000'0010   0x10

"P2", part 2 of 2:                         0x400
  CSTACK                      0x2000'0010  0x400  <Block>
    CSTACK           uninit   0x2000'0010  0x400  <Block tail>
                            - 0x2000'0410  0x400

Unused ranges:

         From           To      Size
         ----           --      ----
   0x800'0c40   0x801'ffff  0x1'f3c0
  0x2000'0410  0x2000'4fff    0x4bf0


*******************************************************************************
*** INIT TABLE
***

          Address      Size
          -------      ----
Copy (__iar_copy_init3)
    1 source range, total size 0x10:
           0x800'0b80  0x10
    1 destination range, total size 0x10:
          0x2000'0000  0x10



*******************************************************************************
*** MODULE SUMMARY
***

    Module                  ro code  ro data  rw data
    ------                  -------  -------  -------
command line/config:
    -------------------------------------------------
    Total:

D:\STM32F103C8Tx\ngat\EWARM\ngat\Obj: [1]
    main.o                      272
    startup_stm32f103xb.o       416
    stm32f1xx_hal.o             128       12       12
    stm32f1xx_hal_cortex.o      196
    stm32f1xx_hal_gpio.o        466
    stm32f1xx_hal_msp.o          68
    stm32f1xx_hal_rcc.o       1'174
    stm32f1xx_it.o               64
    system_stm32f1xx.o           20        4        4
    -------------------------------------------------
    Total:                    2'804       16       16

dl7M_tln.a: [2]
    exit.o                        4
    low_level_init.o              4
    -------------------------------------------------
    Total:                        8

rt7M_tl.a: [3]
    ABImemset.o                 102
    cexit.o                      10
    cmain.o                      30
    copy_init3.o                 46
    cstartup_M.o                 12
    data_init.o                  40
    memset.o                     20
    -------------------------------------------------
    Total:                      260

shb_l.a: [4]
    exit.o                       20
    -------------------------------------------------
    Total:                       20

    Gaps                          8
    Linker created                        20    1'024
-----------------------------------------------------
    Grand Total:              3'100       36    1'040


*******************************************************************************
*** ENTRY LIST
***

Entry                       Address   Size  Type      Object
-----                       -------   ----  ----      ------
.iar.init_table$$Base    0x800'0b00          --   Gb  - Linker created -
.iar.init_table$$Limit   0x800'0b14          --   Gb  - Linker created -
?main                    0x800'0b15         Code  Gb  cmain.o [3]
AHBPrescTable            0x800'0b60   0x10  Data  Gb  system_stm32f1xx.o [1]
BusFault_Handler         0x800'0a8f    0x2  Code  Gb  stm32f1xx_it.o [1]
CSTACK$$Base            0x2000'0010          --   Gb  - Linker created -
CSTACK$$Limit           0x2000'0410          --   Gb  - Linker created -
DebugMon_Handler         0x800'0a95    0x2  Code  Gb  stm32f1xx_it.o [1]
EXTI1_IRQHandler         0x800'0a9d   0x10  Code  Gb  stm32f1xx_it.o [1]
EXTI2_IRQHandler         0x800'0aad    0xe  Code  Gb  stm32f1xx_it.o [1]
HAL_GPIO_EXTI_IRQHandler
                         0x800'0849   0x10  Code  Gb  stm32f1xx_hal_gpio.o [1]
HAL_GPIO_Init            0x800'06c1  0x180  Code  Gb  stm32f1xx_hal_gpio.o [1]
HAL_GPIO_WritePin        0x800'0841    0x8  Code  Gb  stm32f1xx_hal_gpio.o [1]
HAL_GetTick              0x800'05b1    0xc  Code  Wk  stm32f1xx_hal.o [1]
HAL_IncTick              0x800'0ac9   0x10  Code  Wk  stm32f1xx_hal.o [1]
HAL_Init                 0x800'09a5   0x20  Code  Gb  stm32f1xx_hal.o [1]
HAL_InitTick             0x800'05bd   0x40  Code  Wk  stm32f1xx_hal.o [1]
HAL_MspInit              0x800'09dd   0x44  Code  Gb  stm32f1xx_hal_msp.o [1]
HAL_NVIC_EnableIRQ       0x800'066b   0x16  Code  Gb  stm32f1xx_hal_cortex.o [1]
HAL_NVIC_SetPriority     0x800'0631   0x3a  Code  Gb  stm32f1xx_hal_cortex.o [1]
HAL_NVIC_SetPriorityGrouping
                         0x800'0617   0x1a  Code  Gb  stm32f1xx_hal_cortex.o [1]
HAL_RCC_ClockConfig      0x800'0401   0xf4  Code  Gb  stm32f1xx_hal_rcc.o [1]
HAL_RCC_GetSysClockFreq
                         0x800'0509   0x3a  Code  Gb  stm32f1xx_hal_rcc.o [1]
HAL_RCC_GetSysClockFreq::aPLLMULFactorTable
                         0x800'0570   0x10  Data  Lc  stm32f1xx_hal_rcc.o [1]
HAL_RCC_GetSysClockFreq::aPredivFactorTable
                         0x800'0580    0x2  Data  Lc  stm32f1xx_hal_rcc.o [1]
HAL_RCC_OscConfig        0x800'00ed  0x30c  Code  Gb  stm32f1xx_hal_rcc.o [1]
HAL_SYSTICK_Config       0x800'0681   0x28  Code  Gb  stm32f1xx_hal_cortex.o [1]
HardFault_Handler        0x800'0a8b    0x2  Code  Gb  stm32f1xx_it.o [1]
MemManage_Handler        0x800'0a8d    0x2  Code  Gb  stm32f1xx_it.o [1]
NMI_Handler              0x800'0a89    0x2  Code  Gb  stm32f1xx_it.o [1]
PendSV_Handler           0x800'0a97    0x2  Code  Gb  stm32f1xx_it.o [1]
Region$$Table$$Base      0x800'0b00          --   Gb  - Linker created -
Region$$Table$$Limit     0x800'0b14          --   Gb  - Linker created -
SVC_Handler              0x800'0a93    0x2  Code  Gb  stm32f1xx_it.o [1]
SysTick_Handler          0x800'0a99    0x4  Code  Gb  stm32f1xx_it.o [1]
SystemClock_Config       0x800'0951   0x54  Code  Gb  main.o [1]
SystemCoreClock         0x2000'000c    0x4  Data  Gb  system_stm32f1xx.o [1]
SystemInit               0x800'0b5d    0x2  Code  Gb  system_stm32f1xx.o [1]
UsageFault_Handler       0x800'0a91    0x2  Code  Gb  stm32f1xx_it.o [1]
__NVIC_SetPriority       0x800'05fd   0x1a  Code  Lc  stm32f1xx_hal_cortex.o [1]
__aeabi_memset           0x800'0a21         Code  Gb  ABImemset.o [3]
__cmain                  0x800'0b15         Code  Gb  cmain.o [3]
__exit                   0x800'0b49   0x14  Code  Gb  exit.o [4]
__iar_Memset             0x800'0a21         Code  Gb  ABImemset.o [3]
__iar_Memset_word        0x800'0a29         Code  Gb  ABImemset.o [3]
__iar_copy_init3         0x800'0583   0x2e  Code  Gb  copy_init3.o [3]
__iar_data_init3         0x800'0ad9   0x28  Code  Gb  data_init.o [3]
__iar_program_start      0x800'0b91         Code  Gb  cstartup_M.o [3]
__low_level_init         0x800'0b33    0x4  Code  Gb  low_level_init.o [2]
__vector_table           0x800'0000         Data  Gb  startup_stm32f103xb.o [1]
_call_main               0x800'0b21         Code  Gb  cmain.o [3]
_exit                    0x800'0b3d         Code  Gb  cexit.o [3]
_main                    0x800'0b2f         Code  Gb  cmain.o [3]
exit                     0x800'0b37    0x4  Code  Gb  exit.o [2]
main                     0x800'0895   0xaa  Code  Gb  main.o [1]
memset                   0x800'09c9   0x14  Code  Gb  memset.o [3]
uwTick                  0x2000'0004    0x4  Data  Gb  stm32f1xx_hal.o [1]
uwTickFreq              0x2000'0000    0x1  Data  Gb  stm32f1xx_hal.o [1]
uwTickPrio              0x2000'0008    0x4  Data  Gb  stm32f1xx_hal.o [1]


[1] = D:\STM32F103C8Tx\ngat\EWARM\ngat\Obj
[2] = dl7M_tln.a
[3] = rt7M_tl.a
[4] = shb_l.a

  3'100 bytes of readonly  code memory
     36 bytes of readonly  data memory
  1'040 bytes of readwrite data memory

Errors: none
Warnings: none
